#-----------------------------------------------------------
# Vivado v2021.2 (64-bit)
# SW Build 3367213 on Tue Oct 19 02:48:09 MDT 2021
# IP Build 3369179 on Thu Oct 21 08:25:16 MDT 2021
# Start of session at: Thu Jan 23 10:31:20 2025
# Process ID: 43660
# Current directory: C:/Users/Mark/Desktop/review/VHDL/QAM_Transmitter
# Command line: vivado.exe -gui_launcher_event rodinguilauncherevent28084 C:\Users\Mark\Desktop\review\VHDL\QAM_Transmitter\QAM_Transmitter.xpr
# Log file: C:/Users/Mark/Desktop/review/VHDL/QAM_Transmitter/vivado.log
# Journal file: C:/Users/Mark/Desktop/review/VHDL/QAM_Transmitter\vivado.jou
# Running On: DESKTOP-IIQHOR6, OS: Windows, CPU Frequency: 3800 MHz, CPU Physical cores: 16, Host memory: 34282 MB
#-----------------------------------------------------------
start_gui
open_project C:/Users/Mark/Desktop/review/VHDL/QAM_Transmitter/QAM_Transmitter.xpr
update_compile_order -fileset sources_1
launch_simulation
source QAM_Transmitter_TB.tcl
create_ip -name dds_compiler -vendor xilinx.com -library ip -version 6.0 -module_name SINCOS_GEN
set_property -dict [list CONFIG.Component_Name {SINCOS_GEN} CONFIG.DDS_Clock_Rate {500} CONFIG.Parameter_Entry {System_Parameters} CONFIG.Has_Phase_Out {false} CONFIG.Output_Frequency1 {100} CONFIG.Frequency_Resolution {0.4} CONFIG.Noise_Shaping {Auto} CONFIG.Phase_Width {31} CONFIG.Output_Width {8} CONFIG.M_DATA_Has_TUSER {Not_Required} CONFIG.Latency {5} CONFIG.PINC1 {11001100110011001100110011001}] [get_ips SINCOS_GEN]
generate_target {instantiation_template} [get_files c:/Users/Mark/Desktop/review/VHDL/QAM_Transmitter/QAM_Transmitter.srcs/sources_1/ip/SINCOS_GEN/SINCOS_GEN.xci]
generate_target all [get_files  c:/Users/Mark/Desktop/review/VHDL/QAM_Transmitter/QAM_Transmitter.srcs/sources_1/ip/SINCOS_GEN/SINCOS_GEN.xci]
catch { config_ip_cache -export [get_ips -all SINCOS_GEN] }
export_ip_user_files -of_objects [get_files c:/Users/Mark/Desktop/review/VHDL/QAM_Transmitter/QAM_Transmitter.srcs/sources_1/ip/SINCOS_GEN/SINCOS_GEN.xci] -no_script -sync -force -quiet
create_ip_run [get_files -of_objects [get_fileset sources_1] c:/Users/Mark/Desktop/review/VHDL/QAM_Transmitter/QAM_Transmitter.srcs/sources_1/ip/SINCOS_GEN/SINCOS_GEN.xci]
launch_runs SINCOS_GEN_synth_1 -jobs 8
wait_on_run SINCOS_GEN_synth_1
export_simulation -of_objects [get_files c:/Users/Mark/Desktop/review/VHDL/QAM_Transmitter/QAM_Transmitter.srcs/sources_1/ip/SINCOS_GEN/SINCOS_GEN.xci] -directory C:/Users/Mark/Desktop/review/VHDL/QAM_Transmitter/QAM_Transmitter.ip_user_files/sim_scripts -ip_user_files_dir C:/Users/Mark/Desktop/review/VHDL/QAM_Transmitter/QAM_Transmitter.ip_user_files -ipstatic_source_dir C:/Users/Mark/Desktop/review/VHDL/QAM_Transmitter/QAM_Transmitter.ip_user_files/ipstatic -lib_map_path [list {modelsim=C:/Users/Mark/Desktop/review/VHDL/QAM_Transmitter/QAM_Transmitter.cache/compile_simlib/modelsim} {questa=C:/Users/Mark/Desktop/review/VHDL/QAM_Transmitter/QAM_Transmitter.cache/compile_simlib/questa} {riviera=C:/Users/Mark/Desktop/review/VHDL/QAM_Transmitter/QAM_Transmitter.cache/compile_simlib/riviera} {activehdl=C:/Users/Mark/Desktop/review/VHDL/QAM_Transmitter/QAM_Transmitter.cache/compile_simlib/activehdl}] -use_ip_compiled_libs -force -quiet
close_sim
launch_simulation
source QAM_Transmitter_TB.tcl
close_sim
launch_simulation
source QAM_Transmitter_TB.tcl
close [ open C:/Users/Mark/Desktop/review/VHDL/QAM_Transmitter/QAM_Transmitter.srcs/sources_1/new/mixer.vhd w ]
add_files C:/Users/Mark/Desktop/review/VHDL/QAM_Transmitter/QAM_Transmitter.srcs/sources_1/new/mixer.vhd
update_compile_order -fileset sources_1
close_sim
launch_simulation
launch_simulation
launch_simulation
source QAM_Transmitter_TB.tcl
close_sim
launch_simulation
source QAM_Transmitter_TB.tcl
relaunch_sim
close_sim
launch_simulation
source QAM_Transmitter_TB.tcl
close_sim
launch_simulation
source QAM_Transmitter_TB.tcl
close_sim
launch_simulation
launch_simulation
launch_simulation
source QAM_Transmitter_TB.tcl
set_property -name {xsim.simulate.runtime} -value {6500ns} -objects [get_filesets sim_1]
close_sim
launch_simulation
source QAM_Transmitter_TB.tcl
set_property -name {xsim.simulate.runtime} -value {6050ns} -objects [get_filesets sim_1]
close_sim
close_project
open_project C:/Users/Mark/Desktop/review/VHDL/FIFO_Example/FIFO_Example.xpr
update_compile_order -fileset sources_1
launch_simulation
launch_simulation
source FIFO_TB.tcl
close_sim
close_project
open_project C:/Users/Mark/Desktop/review/VHDL/QAM_Transmitter/QAM_Transmitter.xpr
update_compile_order -fileset sources_1
close [ open C:/Users/Mark/Desktop/review/VHDL/QAM_Transmitter/QAM_Transmitter.srcs/sources_1/new/file_sink.vhd w ]
add_files C:/Users/Mark/Desktop/review/VHDL/QAM_Transmitter/QAM_Transmitter.srcs/sources_1/new/file_sink.vhd
update_compile_order -fileset sources_1
launch_simulation
source QAM_Transmitter_TB.tcl
close_sim
launch_simulation
source QAM_Transmitter_TB.tcl
