#-----------------------------------------------------------
# Vivado v2021.2 (64-bit)
# SW Build 3367213 on Tue Oct 19 02:48:09 MDT 2021
# IP Build 3369179 on Thu Oct 21 08:25:16 MDT 2021
# Start of session at: Sun Jan 26 16:56:00 2025
# Process ID: 51640
# Current directory: C:/Users/Mark/Desktop/review/VHDL/feedback_system_example
# Command line: vivado.exe -gui_launcher_event rodinguilauncherevent37008 C:\Users\Mark\Desktop\review\VHDL\feedback_system_example\feedback_system_example.xpr
# Log file: C:/Users/Mark/Desktop/review/VHDL/feedback_system_example/vivado.log
# Journal file: C:/Users/Mark/Desktop/review/VHDL/feedback_system_example\vivado.jou
# Running On: DESKTOP-IIQHOR6, OS: Windows, CPU Frequency: 3800 MHz, CPU Physical cores: 16, Host memory: 34282 MB
#-----------------------------------------------------------
start_gui
open_project C:/Users/Mark/Desktop/review/VHDL/feedback_system_example/feedback_system_example.xpr
update_compile_order -fileset sources_1
synth_design -rtl -rtl_skip_mlo -name rtl_1
launch_simulation
open_wave_config C:/Users/Mark/Desktop/review/VHDL/feedback_system_example/fb_sys_tb_behav.wcfg
source fb_sys_tb.tcl
close_sim
launch_simulation
launch_simulation
open_wave_config C:/Users/Mark/Desktop/review/VHDL/feedback_system_example/fb_sys_tb_behav.wcfg
source fb_sys_tb.tcl
step
close_sim
launch_simulation
open_wave_config C:/Users/Mark/Desktop/review/VHDL/feedback_system_example/fb_sys_tb_behav.wcfg
source fb_sys_tb.tcl
close_sim
launch_simulation
open_wave_config C:/Users/Mark/Desktop/review/VHDL/feedback_system_example/fb_sys_tb_behav.wcfg
source fb_sys_tb.tcl
close_sim
launch_simulation
launch_simulation
launch_simulation
open_wave_config C:/Users/Mark/Desktop/review/VHDL/feedback_system_example/fb_sys_tb_behav.wcfg
source fb_sys_tb.tcl
step
step
step
run all
close_sim
launch_simulation
open_wave_config C:/Users/Mark/Desktop/review/VHDL/feedback_system_example/fb_sys_tb_behav.wcfg
source fb_sys_tb.tcl
close_sim
launch_simulation
open_wave_config C:/Users/Mark/Desktop/review/VHDL/feedback_system_example/fb_sys_tb_behav.wcfg
source fb_sys_tb.tcl
close_sim
launch_simulation
open_wave_config C:/Users/Mark/Desktop/review/VHDL/feedback_system_example/fb_sys_tb_behav.wcfg
source fb_sys_tb.tcl
close_sim
launch_simulation
open_wave_config C:/Users/Mark/Desktop/review/VHDL/feedback_system_example/fb_sys_tb_behav.wcfg
source fb_sys_tb.tcl
close_sim
launch_simulation
open_wave_config C:/Users/Mark/Desktop/review/VHDL/feedback_system_example/fb_sys_tb_behav.wcfg
source fb_sys_tb.tcl
close_sim
launch_simulation
open_wave_config C:/Users/Mark/Desktop/review/VHDL/feedback_system_example/fb_sys_tb_behav.wcfg
source fb_sys_tb.tcl
close_sim
launch_simulation
open_wave_config C:/Users/Mark/Desktop/review/VHDL/feedback_system_example/fb_sys_tb_behav.wcfg
source fb_sys_tb.tcl
save_wave_config {C:/Users/Mark/Desktop/review/VHDL/feedback_system_example/fb_sys_tb_behav.wcfg}
close_sim
launch_simulation
open_wave_config C:/Users/Mark/Desktop/review/VHDL/feedback_system_example/fb_sys_tb_behav.wcfg
source fb_sys_tb.tcl
close_sim
launch_simulation
open_wave_config C:/Users/Mark/Desktop/review/VHDL/feedback_system_example/fb_sys_tb_behav.wcfg
source fb_sys_tb.tcl
close_sim
launch_simulation
open_wave_config C:/Users/Mark/Desktop/review/VHDL/feedback_system_example/fb_sys_tb_behav.wcfg
source fb_sys_tb.tcl
close_sim
launch_simulation
launch_simulation
open_wave_config C:/Users/Mark/Desktop/review/VHDL/feedback_system_example/fb_sys_tb_behav.wcfg
source fb_sys_tb.tcl
close_sim
launch_simulation
open_wave_config C:/Users/Mark/Desktop/review/VHDL/feedback_system_example/fb_sys_tb_behav.wcfg
source fb_sys_tb.tcl
close_sim
launch_simulation
open_wave_config C:/Users/Mark/Desktop/review/VHDL/feedback_system_example/fb_sys_tb_behav.wcfg
source fb_sys_tb.tcl
close_sim
launch_simulation
open_wave_config C:/Users/Mark/Desktop/review/VHDL/feedback_system_example/fb_sys_tb_behav.wcfg
source fb_sys_tb.tcl
close_sim
launch_simulation
open_wave_config C:/Users/Mark/Desktop/review/VHDL/feedback_system_example/fb_sys_tb_behav.wcfg
source fb_sys_tb.tcl
save_wave_config {C:/Users/Mark/Desktop/review/VHDL/feedback_system_example/fb_sys_tb_behav.wcfg}
close_sim
launch_simulation
open_wave_config C:/Users/Mark/Desktop/review/VHDL/feedback_system_example/fb_sys_tb_behav.wcfg
source fb_sys_tb.tcl
close_sim
launch_simulation
open_wave_config C:/Users/Mark/Desktop/review/VHDL/feedback_system_example/fb_sys_tb_behav.wcfg
source fb_sys_tb.tcl
close_sim
launch_simulation
open_wave_config C:/Users/Mark/Desktop/review/VHDL/feedback_system_example/fb_sys_tb_behav.wcfg
source fb_sys_tb.tcl
close_sim
launch_simulation
open_wave_config C:/Users/Mark/Desktop/review/VHDL/feedback_system_example/fb_sys_tb_behav.wcfg
source fb_sys_tb.tcl
close_sim
launch_simulation
open_wave_config C:/Users/Mark/Desktop/review/VHDL/feedback_system_example/fb_sys_tb_behav.wcfg
source fb_sys_tb.tcl
close_sim
launch_simulation
open_wave_config C:/Users/Mark/Desktop/review/VHDL/feedback_system_example/fb_sys_tb_behav.wcfg
source fb_sys_tb.tcl
close_sim
launch_simulation
open_wave_config C:/Users/Mark/Desktop/review/VHDL/feedback_system_example/fb_sys_tb_behav.wcfg
source fb_sys_tb.tcl
save_wave_config {C:/Users/Mark/Desktop/review/VHDL/feedback_system_example/fb_sys_tb_behav.wcfg}
close_sim
launch_simulation
open_wave_config C:/Users/Mark/Desktop/review/VHDL/feedback_system_example/fb_sys_tb_behav.wcfg
source fb_sys_tb.tcl
open_project C:/Users/Mark/Desktop/review/VHDL/QAM_Receiver/QAM_Receiver.xpr
update_compile_order -fileset sources_1
launch_simulation
open_wave_config C:/Users/Mark/Desktop/review/VHDL/QAM_Receiver/QAM_Transmitter_TB_behav.wcfg
source QAM_Transmitter_TB.tcl
current_project feedback_system_example
current_sim simulation_28
close_sim
close_project
close_sim
launch_simulation
open_wave_config C:/Users/Mark/Desktop/review/VHDL/QAM_Receiver/QAM_Transmitter_TB_behav.wcfg
source QAM_Transmitter_TB.tcl
step
step
step
step
step
step
step
step
step
step
step
step
